", W, h, a, t,  , i, f,  , i, t,  , s, t, a, r, t, s, ",  , w, i, t, h,  , a,  , q, u, o, t, e, d,  , ", s, t, r, i, n, g, "
1, 1, 1, 1, 1, 1, 1, 1, 1, 1, 1, 1, 1, 1, 1, 1, 1, 1, 0, 0, 0, 0, 0, 0, 0, 0, 0, 0, 0, 0, 0, 0, 0, 0, 1, 1, 1, 1, 1, 1, 1, 0

a, n, d,  , w, i, t, h,  , ', o, t, h, e, r,  , q, u, o, t, i, n, g,  , c, h, a, r, s, ', ?
0, 0, 0, 0, 0, 0, 0, 0, 0, 1, 1, 1, 1, 1, 1, 1, 1, 1, 1, 1, 1, 1, 1, 1, 1, 1, 1, 1, 1, 0, 0

w, h, a, t,  , a, b, o, u, t,  , {, b, r, a, c, e, s, }
0, 0, 0, 0, 0, 0, 0, 0, 0, 0, 0, 1, 1, 1, 1, 1, 1, 1, 0

echo Just a string123
Just a string123

echo Just a string with a $VAR 123
Just a string with a 123

echo Just a string with a $VAR123
Just a string with a 

echo Just a string with a "$VAR"123
Just a string with a var123

echo 'Just a string with a "$VAR"'123
Just a string with a "$VAR"123

echo Just a string with a '$VAR'123
Just a string with a $VAR123

echo Just a string with a '${VAR}'123
Just a string with a ${VAR}123

echo Just a string with a ${VAR}123
Just a string with a var123

echo Do you know ${VAR}$VAR binks ? 
Do you know varvar binks ? 

echo You know $VAR$VAR binks ! in Star Wars
You know varvar binks ! in Star Wars

echo "Just a string with a '${VAR}'"123
Just a string with a 'var'123

echo "Just a string with a '${VAR}"'123
Minishell: parsing: unfinished quotation: Invalid argument
echo "Just a string with a '${VAR}"123
Just a string with a 'var123

echo $VAR
var

