Minishell: cd: not_a_dir: No such file or directory
Minishell: cd: testdir_readonly: Permission denied
Minishell: cd: testdir_no_right: Permission denied
Minishell: cd: test_pwd.c: Not a directory
Minishell: cd: lalala: No such file or directory
Minishell: cd: ~/Desktop/42/not_a_folder: No such file or directory
Minishell: cd: ~/Desktop/42/not_a_folder/: No such file or directory
