print this string with newline
print this string without newlineprint this string 
 with newline
print this %s, %i string 
 with newline

