print this string with newline
print this string without newlineprint this string \n with newline
