", W, h, a, t,  , i, f,  , i, t,  , s, t, a, r, t, s, ",  , w, i, t, h,  , a,  , q, u, o, t, e, d,  , ", s, t, r, i, n, g, "
1, 1, 1, 1, 1, 1, 1, 1, 1, 1, 1, 1, 1, 1, 1, 1, 1, 1, 0, 0, 0, 0, 0, 0, 0, 0, 0, 0, 0, 0, 0, 0, 0, 0, 1, 1, 1, 1, 1, 1, 1, 0

a, n, d,  , w, i, t, h,  , ', o, t, h, e, r,  , q, u, o, t, i, n, g,  , c, h, a, r, s, ', ?
0, 0, 0, 0, 0, 0, 0, 0, 0, 1, 1, 1, 1, 1, 1, 1, 1, 1, 1, 1, 1, 1, 1, 1, 1, 1, 1, 1, 1, 0, 0

w, h, a, t,  , a, b, o, u, t,  , {, b, r, a, c, e, s, }
0, 0, 0, 0, 0, 0, 0, 0, 0, 0, 0, 1, 1, 1, 1, 1, 1, 1, 0

Just a string
Just a string with a 
Just a string with a var
Just a string with a "var"
Just a string with a $VAR
Just a string with a ${VAR}
Just a string with a var
Do you know varvar binks ? 
You know varvar binks ! in Star Wars 
Just a string with a ${VAR}
"Just a string with a var"
Minishell: var expansion: unfinished quoting sequence
