/* ************************************************************************** */
/*                                                                            */
/*                                                        :::      ::::::::   */
/*   miniprint.c                                        :+:      :+:    :+:   */
/*                                                    +:+ +:+         +:+     */
/*   By: vviterbo <vviterbo@student.42.fr>          +#+  +:+       +#+        */
/*                                                +#+#+#+#+#+   +#+           */
/*   Created: 2025/02/04 10:10:25 by vviterbo          #+#    #+#             */
/*   Updated: 2025/02/07 11:04:30 by vviterbo         ###   ########.fr       */
/*                                                                            */
/* ************************************************************************** */

#include <unistd.h>

int	main(void)
{
	write(1, "test execve\n", 12);
	return (0);
}
/bin/cat miniprint.c ok
/usr/bin/cd: line 4: cd: not_a_dir: No such file or directory
/* ************************************************************************** */
/*                                                                            */
/*                                                        :::      ::::::::   */
/*   miniprint.c                                        :+:      :+:    :+:   */
/*                                                    +:+ +:+         +:+     */
/*   By: vviterbo <vviterbo@student.42.fr>          +#+  +:+       +#+        */
/*                                                +#+#+#+#+#+   +#+           */
/*   Created: 2025/02/04 10:10:25 by vviterbo          #+#    #+#             */
/*   Updated: 2025/02/07 11:04:30 by vviterbo         ###   ########.fr       */
/*                                                                            */
/* ************************************************************************** */

#include <unistd.h>

int	main(void)
{
	write(1, "test execve\n", 12);
	return (0);
}
cat miniprint.c ok

#include "tests.h"

static int	check_env_to_arr(t_data *data_orig);

grep -A3 -B1 tests test_env.c ok
sleep 0.1 ok
Minishell: execve: empty command: Invalid argument
NULL ok
Minishell: execve: could not find executable: No such file or directory
unkown command ok
segfault_test ok
test execve
miniprint ok
cat: lalalala: No such file or directory
cat lalalala ok
done !
